<?xml version="1.0" encoding="utf-8"?>
<TestRun id="1a7ee7ef-064f-4c87-8362-f0d5e309d16a" name="51924@MSI 2026-10-03 16:48:39" runUser="MSI\51924" xmlns="http://microsoft.com/schemas/VisualStudio/TeamTest/2010">
  <Times creation="2026-10-03T16:48:39.6498664-05:00" queuing="2026-10-03T16:48:39.6498668-05:00" start="2026-10-03T16:48:37.1907745-05:00" finish="2026-10-03T16:48:40.7349271-05:00" />
  <TestSettings name="default" id="4bdb7b6e-ca31-4947-ae7b-93c369b1d6fc">
    <Deployment runDeploymentRoot="51924_MSI_2026-10-03_16_48_39" />
  </TestSettings>
  <Results>
    <UnitTestResult executionId="134ea497-c66c-464f-929c-37a6d58b092b" testId="ee1e7cfe-edba-16f9-6aa9-971e8d85cdf1" testName="SmartQuote.Modules.IdentityAccess.Tests.RegistrationTests.FirstAccountIsAutomaticallyTheInitialPurchaseManager" computerName="MSI" duration="00:00:00.1171114" startTime="2026-10-03T16:48:40.0837535-05:00" endTime="2026-10-03T16:48:40.2006478-05:00" testType="13cdc9d9-ddb5-4fa4-a97d-d965ccfc6d4b" outcome="Passed" testListId="8c84fa94-04c1-424b-9868-57a2d4851a1d" relativeResultsDirectory="134ea497-c66c-464f-929c-37a6d58b092b" />
    <UnitTestResult executionId="398eaec1-38e6-4196-a863-ecdfe9df64c7" testId="c24e4eb2-bf3c-322b-6b28-463716fa3331" testName="SmartQuote.Modules.IdentityAccess.Tests.RegistrationTests.SubsequentAccountsRemainPendingUntilManagerApproval(requestedRole: &quot;PurchaseAnalyst&quot;)" computerName="MSI" duration="00:00:00.3129998" startTime="2026-10-03T16:48:39.7706526-05:00" endTime="2026-10-03T16:48:40.0833038-05:00" testType="13cdc9d9-ddb5-4fa4-a97d-d965ccfc6d4b" outcome="Passed" testListId="8c84fa94-04c1-424b-9868-57a2d4851a1d" relativeResultsDirectory="398eaec1-38e6-4196-a863-ecdfe9df64c7" />
    <UnitTestResult executionId="a646551f-bc0d-4bed-8e9e-37eb63a018f8" testId="d474262c-2d5b-8033-2354-c856bb5793db" testName="SmartQuote.Modules.IdentityAccess.Tests.RegistrationTests.PasswordPolicyRejectsControlCharactersAndAllowsStrongPassphrase" computerName="MSI" duration="00:00:00.0004792" startTime="2026-10-03T16:48:40.6179348-05:00" endTime="2026-10-03T16:48:40.6181673-05:00" testType="13cdc9d9-ddb5-4fa4-a97d-d965ccfc6d4b" outcome="Passed" testListId="8c84fa94-04c1-424b-9868-57a2d4851a1d" relativeResultsDirectory="a646551f-bc0d-4bed-8e9e-37eb63a018f8" />
    <UnitTestResult executionId="f4da853d-f5b5-4841-9e1f-599277a35980" testId="91524d23-d9e5-ecf4-4378-055671f9b73d" testName="SmartQuote.Modules.IdentityAccess.Tests.RegistrationTests.RegisteredEmailIsUniqueIgnoringCaseAndSurroundingSpaces" computerName="MSI" duration="00:00:00.1828137" startTime="2026-10-03T16:48:40.4350389-05:00" endTime="2026-10-03T16:48:40.6176136-05:00" testType="13cdc9d9-ddb5-4fa4-a97d-d965ccfc6d4b" outcome="Passed" testListId="8c84fa94-04c1-424b-9868-57a2d4851a1d" relativeResultsDirectory="f4da853d-f5b5-4841-9e1f-599277a35980" />
    <UnitTestResult executionId="e98b9a9b-18ca-4c5a-a5f7-66a573395d47" testId="6b106206-b1b8-e606-b8cb-704a615f9acc" testName="SmartQuote.Modules.IdentityAccess.Tests.RegistrationTests.PasswordPolicyAcceptsBothLengthLimitsAndRejectsValuesOutsideThem" computerName="MSI" duration="00:00:00.0050974" startTime="2026-10-03T16:48:40.4291764-05:00" endTime="2026-10-03T16:48:40.4346640-05:00" testType="13cdc9d9-ddb5-4fa4-a97d-d965ccfc6d4b" outcome="Passed" testListId="8c84fa94-04c1-424b-9868-57a2d4851a1d" relativeResultsDirectory="e98b9a9b-18ca-4c5a-a5f7-66a573395d47" />
    <UnitTestResult executionId="20b83c6a-5e96-48b1-a946-8126bfe9e521" testId="4e16db62-5dca-3bc9-90d6-0b73ab291738" testName="SmartQuote.Modules.IdentityAccess.Tests.RegistrationTests.WeakPasswordDoesNotCreateAccount(password: &quot;UPPERCASEONLY93!&quot;)" computerName="MSI" duration="00:00:00.0000288" startTime="2026-10-03T16:48:39.1580409-05:00" endTime="2026-10-03T16:48:39.1581095-05:00" testType="13cdc9d9-ddb5-4fa4-a97d-d965ccfc6d4b" outcome="Passed" testListId="8c84fa94-04c1-424b-9868-57a2d4851a1d" relativeResultsDirectory="20b83c6a-5e96-48b1-a946-8126bfe9e521" />
    <UnitTestResult executionId="c214b8ec-45dc-4b10-a24e-3a6adcc2e2c1" testId="0873d4d7-984d-6ff1-f751-7342234471ec" testName="SmartQuote.Modules.IdentityAccess.Tests.RegistrationTests.UnknownRolesAreRejectedAfterInitialSetup(role: &quot;Administrator&quot;)" computerName="MSI" duration="00:00:00.1137093" startTime="2026-10-03T16:48:40.2010015-05:00" endTime="2026-10-03T16:48:40.3144239-05:00" testType="13cdc9d9-ddb5-4fa4-a97d-d965ccfc6d4b" outcome="Passed" testListId="8c84fa94-04c1-424b-9868-57a2d4851a1d" relativeResultsDirectory="c214b8ec-45dc-4b10-a24e-3a6adcc2e2c1" />
    <UnitTestResult executionId="f77402b4-28ae-4200-9c60-17b6eec5d7e5" testId="73f512d9-cefc-20cd-9788-798feeb8e2a4" testName="SmartQuote.Modules.IdentityAccess.Tests.RegistrationTests.UnknownRolesAreRejectedAfterInitialSetup(role: &quot;2&quot;)" computerName="MSI" duration="00:00:00.1125355" startTime="2026-10-03T16:48:40.3147039-05:00" endTime="2026-10-03T16:48:40.4272304-05:00" testType="13cdc9d9-ddb5-4fa4-a97d-d965ccfc6d4b" outcome="Passed" testListId="8c84fa94-04c1-424b-9868-57a2d4851a1d" relativeResultsDirectory="f77402b4-28ae-4200-9c60-17b6eec5d7e5" />
    <UnitTestResult executionId="4a74afe8-8fa3-4f8a-81de-f4dbc9454ae5" testId="acb7c3c5-4666-a8d4-a011-c4cab7d101ea" testName="SmartQuote.Modules.IdentityAccess.Tests.RegistrationTests.WeakPasswordDoesNotCreateAccount(password: &quot;lowercaseonly93!&quot;)" computerName="MSI" duration="00:00:00.1615883" startTime="2026-10-03T16:48:38.9714578-05:00" endTime="2026-10-03T16:48:39.1427942-05:00" testType="13cdc9d9-ddb5-4fa4-a97d-d965ccfc6d4b" outcome="Passed" testListId="8c84fa94-04c1-424b-9868-57a2d4851a1d" relativeResultsDirectory="4a74afe8-8fa3-4f8a-81de-f4dbc9454ae5" />
    <UnitTestResult executionId="c489f424-10e2-4a45-8021-b5db5d9fbfe2" testId="55898ec0-3845-25f6-b8e9-ca74f1fadcd3" testName="SmartQuote.Modules.IdentityAccess.Tests.RegistrationTests.SubsequentAccountsRemainPendingUntilManagerApproval(requestedRole: &quot;PurchaseManager&quot;)" computerName="MSI" duration="00:00:00.3257625" startTime="2026-10-03T16:48:39.1596485-05:00" endTime="2026-10-03T16:48:39.4740584-05:00" testType="13cdc9d9-ddb5-4fa4-a97d-d965ccfc6d4b" outcome="Passed" testListId="8c84fa94-04c1-424b-9868-57a2d4851a1d" relativeResultsDirectory="c489f424-10e2-4a45-8021-b5db5d9fbfe2" />
    <UnitTestResult executionId="d99b4e0f-fb6f-4d3f-a58f-7361bcd4446d" testId="ff28c6cf-2251-2ec5-9e75-c9186143b862" testName="SmartQuote.Modules.IdentityAccess.Tests.RegistrationTests.SubsequentAccountsRemainPendingUntilManagerApproval(requestedRole: &quot;ProductionSpecialist&quot;)" computerName="MSI" duration="00:00:00.2958882" startTime="2026-10-03T16:48:39.4743434-05:00" endTime="2026-10-03T16:48:39.7701116-05:00" testType="13cdc9d9-ddb5-4fa4-a97d-d965ccfc6d4b" outcome="Passed" testListId="8c84fa94-04c1-424b-9868-57a2d4851a1d" relativeResultsDirectory="d99b4e0f-fb6f-4d3f-a58f-7361bcd4446d" />
    <UnitTestResult executionId="fa08ee3b-9a5b-47ca-93a4-d6b0c96fa410" testId="c25176b4-061a-3405-8b2a-a98dc6c40126" testName="SmartQuote.Modules.IdentityAccess.Tests.RegistrationTests.WeakPasswordDoesNotCreateAccount(password: &quot;New.UserStrong93!&quot;)" computerName="MSI" duration="00:00:00.0002314" startTime="2026-10-03T16:48:39.1576122-05:00" endTime="2026-10-03T16:48:39.1576783-05:00" testType="13cdc9d9-ddb5-4fa4-a97d-d965ccfc6d4b" outcome="Passed" testListId="8c84fa94-04c1-424b-9868-57a2d4851a1d" relativeResultsDirectory="fa08ee3b-9a5b-47ca-93a4-d6b0c96fa410" />
    <UnitTestResult executionId="c2311097-84a3-47b2-96fe-2d058f0c14d8" testId="0540da4b-6b5f-f699-d702-4d100f7f3fa9" testName="SmartQuote.Modules.IdentityAccess.Tests.RegistrationTests.InitialSetupCannotSelfAssignAnotherRole" computerName="MSI" duration="00:00:00.0017042" startTime="2026-10-03T16:48:40.4281051-05:00" endTime="2026-10-03T16:48:40.4289338-05:00" testType="13cdc9d9-ddb5-4fa4-a97d-d965ccfc6d4b" outcome="Passed" testListId="8c84fa94-04c1-424b-9868-57a2d4851a1d" relativeResultsDirectory="c2311097-84a3-47b2-96fe-2d058f0c14d8" />
    <UnitTestResult executionId="9ffb01f0-2a8b-4eea-9fba-ee9c581be5f6" testId="1c2dee9b-b6f9-449a-f666-128e107cbe45" testName="SmartQuote.Modules.IdentityAccess.Tests.RegistrationTests.WeakPasswordDoesNotCreateAccount(password: &quot;NoNumberIncluded!&quot;)" computerName="MSI" duration="00:00:00.0004307" startTime="2026-10-03T16:48:39.1564163-05:00" endTime="2026-10-03T16:48:39.1565457-05:00" testType="13cdc9d9-ddb5-4fa4-a97d-d965ccfc6d4b" outcome="Passed" testListId="8c84fa94-04c1-424b-9868-57a2d4851a1d" relativeResultsDirectory="9ffb01f0-2a8b-4eea-9fba-ee9c581be5f6" />
    <UnitTestResult executionId="d01eed68-9cc5-4ab9-b01c-12528ac255fb" testId="554d883c-eeb6-7633-d86a-3a423e2fe487" testName="SmartQuote.Modules.IdentityAccess.Tests.RegistrationTests.WeakPasswordDoesNotCreateAccount(password: &quot;TooShort7!&quot;)" computerName="MSI" duration="00:00:00.0000586" startTime="2026-10-03T16:48:39.1573950-05:00" endTime="2026-10-03T16:48:39.1574589-05:00" testType="13cdc9d9-ddb5-4fa4-a97d-d965ccfc6d4b" outcome="Passed" testListId="8c84fa94-04c1-424b-9868-57a2d4851a1d" relativeResultsDirectory="d01eed68-9cc5-4ab9-b01c-12528ac255fb" />
    <UnitTestResult executionId="053ae31e-4a3a-4a5b-8b36-44c6fc3a7afd" testId="0f20e603-8081-163e-f33e-813046db9b69" testName="SmartQuote.Modules.IdentityAccess.Tests.RegistrationTests.RegistrationRequestRejectsUnexpectedFields" computerName="MSI" duration="00:00:00.0308419" startTime="2026-10-03T16:48:40.6207834-05:00" endTime="2026-10-03T16:48:40.6491489-05:00" testType="13cdc9d9-ddb5-4fa4-a97d-d965ccfc6d4b" outcome="Passed" testListId="8c84fa94-04c1-424b-9868-57a2d4851a1d" relativeResultsDirectory="053ae31e-4a3a-4a5b-8b36-44c6fc3a7afd" />
    <UnitTestResult executionId="72e6564b-9c66-4a82-af5f-cd533e5b1d16" testId="c037f6bd-c4ae-7ade-68b2-1fb55f45304a" testName="SmartQuote.Modules.IdentityAccess.Tests.RegistrationTests.WeakPasswordDoesNotCreateAccount(password: &quot;NoSymbolIncluded93&quot;)" computerName="MSI" duration="00:00:00.0000216" startTime="2026-10-03T16:48:39.1582241-05:00" endTime="2026-10-03T16:48:39.1583096-05:00" testType="13cdc9d9-ddb5-4fa4-a97d-d965ccfc6d4b" outcome="Passed" testListId="8c84fa94-04c1-424b-9868-57a2d4851a1d" relativeResultsDirectory="72e6564b-9c66-4a82-af5f-cd533e5b1d16" />
  </Results>
  <TestDefinitions>
    <UnitTest name="SmartQuote.Modules.IdentityAccess.Tests.RegistrationTests.SubsequentAccountsRemainPendingUntilManagerApproval(requestedRole: &quot;PurchaseAnalyst&quot;)" storage="c:\users\51924\documents\chatgpt\diseno exp\tmp\smartquote-backend-develop\tests\smartquote.modules.identityaccess.tests\bin\release\net10.0\smartquote.modules.identityaccess.tests.dll" id="c24e4eb2-bf3c-322b-6b28-463716fa3331">
      <Execution id="398eaec1-38e6-4196-a863-ecdfe9df64c7" />
      <TestMethod codeBase="C:\Users\51924\Documents\ChatGPT\Diseno exp\tmp\smartquote-backend-develop\tests\SmartQuote.Modules.IdentityAccess.Tests\bin\Release\net10.0\SmartQuote.Modules.IdentityAccess.Tests.dll" adapterTypeName="executor://xunit/VsTestRunner3/netcore/" className="SmartQuote.Modules.IdentityAccess.Tests.RegistrationTests" name="SubsequentAccountsRemainPendingUntilManagerApproval" />
    </UnitTest>
    <UnitTest name="SmartQuote.Modules.IdentityAccess.Tests.RegistrationTests.SubsequentAccountsRemainPendingUntilManagerApproval(requestedRole: &quot;PurchaseManager&quot;)" storage="c:\users\51924\documents\chatgpt\diseno exp\tmp\smartquote-backend-develop\tests\smartquote.modules.identityaccess.tests\bin\release\net10.0\smartquote.modules.identityaccess.tests.dll" id="55898ec0-3845-25f6-b8e9-ca74f1fadcd3">
      <Execution id="c489f424-10e2-4a45-8021-b5db5d9fbfe2" />
      <TestMethod codeBase="C:\Users\51924\Documents\ChatGPT\Diseno exp\tmp\smartquote-backend-develop\tests\SmartQuote.Modules.IdentityAccess.Tests\bin\Release\net10.0\SmartQuote.Modules.IdentityAccess.Tests.dll" adapterTypeName="executor://xunit/VsTestRunner3/netcore/" className="SmartQuote.Modules.IdentityAccess.Tests.RegistrationTests" name="SubsequentAccountsRemainPendingUntilManagerApproval" />
    </UnitTest>
    <UnitTest name="SmartQuote.Modules.IdentityAccess.Tests.RegistrationTests.RegisteredEmailIsUniqueIgnoringCaseAndSurroundingSpaces" storage="c:\users\51924\documents\chatgpt\diseno exp\tmp\smartquote-backend-develop\tests\smartquote.modules.identityaccess.tests\bin\release\net10.0\smartquote.modules.identityaccess.tests.dll" id="91524d23-d9e5-ecf4-4378-055671f9b73d">
      <Execution id="f4da853d-f5b5-4841-9e1f-599277a35980" />
      <TestMethod codeBase="C:\Users\51924\Documents\ChatGPT\Diseno exp\tmp\smartquote-backend-develop\tests\SmartQuote.Modules.IdentityAccess.Tests\bin\Release\net10.0\SmartQuote.Modules.IdentityAccess.Tests.dll" adapterTypeName="executor://xunit/VsTestRunner3/netcore/" className="SmartQuote.Modules.IdentityAccess.Tests.RegistrationTests" name="RegisteredEmailIsUniqueIgnoringCaseAndSurroundingSpaces" />
    </UnitTest>
    <UnitTest name="SmartQuote.Modules.IdentityAccess.Tests.RegistrationTests.WeakPasswordDoesNotCreateAccount(password: &quot;NoSymbolIncluded93&quot;)" storage="c:\users\51924\documents\chatgpt\diseno exp\tmp\smartquote-backend-develop\tests\smartquote.modules.identityaccess.tests\bin\release\net10.0\smartquote.modules.identityaccess.tests.dll" id="c037f6bd-c4ae-7ade-68b2-1fb55f45304a">
      <Execution id="72e6564b-9c66-4a82-af5f-cd533e5b1d16" />
      <TestMethod codeBase="C:\Users\51924\Documents\ChatGPT\Diseno exp\tmp\smartquote-backend-develop\tests\SmartQuote.Modules.IdentityAccess.Tests\bin\Release\net10.0\SmartQuote.Modules.IdentityAccess.Tests.dll" adapterTypeName="executor://xunit/VsTestRunner3/netcore/" className="SmartQuote.Modules.IdentityAccess.Tests.RegistrationTests" name="WeakPasswordDoesNotCreateAccount" />
    </UnitTest>
    <UnitTest name="SmartQuote.Modules.IdentityAccess.Tests.RegistrationTests.FirstAccountIsAutomaticallyTheInitialPurchaseManager" storage="c:\users\51924\documents\chatgpt\diseno exp\tmp\smartquote-backend-develop\tests\smartquote.modules.identityaccess.tests\bin\release\net10.0\smartquote.modules.identityaccess.tests.dll" id="ee1e7cfe-edba-16f9-6aa9-971e8d85cdf1">
      <Execution id="134ea497-c66c-464f-929c-37a6d58b092b" />
      <TestMethod codeBase="C:\Users\51924\Documents\ChatGPT\Diseno exp\tmp\smartquote-backend-develop\tests\SmartQuote.Modules.IdentityAccess.Tests\bin\Release\net10.0\SmartQuote.Modules.IdentityAccess.Tests.dll" adapterTypeName="executor://xunit/VsTestRunner3/netcore/" className="SmartQuote.Modules.IdentityAccess.Tests.RegistrationTests" name="FirstAccountIsAutomaticallyTheInitialPurchaseManager" />
    </UnitTest>
    <UnitTest name="SmartQuote.Modules.IdentityAccess.Tests.RegistrationTests.PasswordPolicyAcceptsBothLengthLimitsAndRejectsValuesOutsideThem" storage="c:\users\51924\documents\chatgpt\diseno exp\tmp\smartquote-backend-develop\tests\smartquote.modules.identityaccess.tests\bin\release\net10.0\smartquote.modules.identityaccess.tests.dll" id="6b106206-b1b8-e606-b8cb-704a615f9acc">
      <Execution id="e98b9a9b-18ca-4c5a-a5f7-66a573395d47" />
      <TestMethod codeBase="C:\Users\51924\Documents\ChatGPT\Diseno exp\tmp\smartquote-backend-develop\tests\SmartQuote.Modules.IdentityAccess.Tests\bin\Release\net10.0\SmartQuote.Modules.IdentityAccess.Tests.dll" adapterTypeName="executor://xunit/VsTestRunner3/netcore/" className="SmartQuote.Modules.IdentityAccess.Tests.RegistrationTests" name="PasswordPolicyAcceptsBothLengthLimitsAndRejectsValuesOutsideThem" />
    </UnitTest>
    <UnitTest name="SmartQuote.Modules.IdentityAccess.Tests.RegistrationTests.PasswordPolicyRejectsControlCharactersAndAllowsStrongPassphrase" storage="c:\users\51924\documents\chatgpt\diseno exp\tmp\smartquote-backend-develop\tests\smartquote.modules.identityaccess.tests\bin\release\net10.0\smartquote.modules.identityaccess.tests.dll" id="d474262c-2d5b-8033-2354-c856bb5793db">
      <Execution id="a646551f-bc0d-4bed-8e9e-37eb63a018f8" />
      <TestMethod codeBase="C:\Users\51924\Documents\ChatGPT\Diseno exp\tmp\smartquote-backend-develop\tests\SmartQuote.Modules.IdentityAccess.Tests\bin\Release\net10.0\SmartQuote.Modules.IdentityAccess.Tests.dll" adapterTypeName="executor://xunit/VsTestRunner3/netcore/" className="SmartQuote.Modules.IdentityAccess.Tests.RegistrationTests" name="PasswordPolicyRejectsControlCharactersAndAllowsStrongPassphrase" />
    </UnitTest>
    <UnitTest name="SmartQuote.Modules.IdentityAccess.Tests.RegistrationTests.WeakPasswordDoesNotCreateAccount(password: &quot;UPPERCASEONLY93!&quot;)" storage="c:\users\51924\documents\chatgpt\diseno exp\tmp\smartquote-backend-develop\tests\smartquote.modules.identityaccess.tests\bin\release\net10.0\smartquote.modules.identityaccess.tests.dll" id="4e16db62-5dca-3bc9-90d6-0b73ab291738">
      <Execution id="20b83c6a-5e96-48b1-a946-8126bfe9e521" />
      <TestMethod codeBase="C:\Users\51924\Documents\ChatGPT\Diseno exp\tmp\smartquote-backend-develop\tests\SmartQuote.Modules.IdentityAccess.Tests\bin\Release\net10.0\SmartQuote.Modules.IdentityAccess.Tests.dll" adapterTypeName="executor://xunit/VsTestRunner3/netcore/" className="SmartQuote.Modules.IdentityAccess.Tests.RegistrationTests" name="WeakPasswordDoesNotCreateAccount" />
    </UnitTest>
    <UnitTest name="SmartQuote.Modules.IdentityAccess.Tests.RegistrationTests.WeakPasswordDoesNotCreateAccount(password: &quot;NoNumberIncluded!&quot;)" storage="c:\users\51924\documents\chatgpt\diseno exp\tmp\smartquote-backend-develop\tests\smartquote.modules.identityaccess.tests\bin\release\net10.0\smartquote.modules.identityaccess.tests.dll" id="1c2dee9b-b6f9-449a-f666-128e107cbe45">
      <Execution id="9ffb01f0-2a8b-4eea-9fba-ee9c581be5f6" />
      <TestMethod codeBase="C:\Users\51924\Documents\ChatGPT\Diseno exp\tmp\smartquote-backend-develop\tests\SmartQuote.Modules.IdentityAccess.Tests\bin\Release\net10.0\SmartQuote.Modules.IdentityAccess.Tests.dll" adapterTypeName="executor://xunit/VsTestRunner3/netcore/" className="SmartQuote.Modules.IdentityAccess.Tests.RegistrationTests" name="WeakPasswordDoesNotCreateAccount" />
    </UnitTest>
    <UnitTest name="SmartQuote.Modules.IdentityAccess.Tests.RegistrationTests.RegistrationRequestRejectsUnexpectedFields" storage="c:\users\51924\documents\chatgpt\diseno exp\tmp\smartquote-backend-develop\tests\smartquote.modules.identityaccess.tests\bin\release\net10.0\smartquote.modules.identityaccess.tests.dll" id="0f20e603-8081-163e-f33e-813046db9b69">
      <Execution id="053ae31e-4a3a-4a5b-8b36-44c6fc3a7afd" />
      <TestMethod codeBase="C:\Users\51924\Documents\ChatGPT\Diseno exp\tmp\smartquote-backend-develop\tests\SmartQuote.Modules.IdentityAccess.Tests\bin\Release\net10.0\SmartQuote.Modules.IdentityAccess.Tests.dll" adapterTypeName="executor://xunit/VsTestRunner3/netcore/" className="SmartQuote.Modules.IdentityAccess.Tests.RegistrationTests" name="RegistrationRequestRejectsUnexpectedFields" />
    </UnitTest>
    <UnitTest name="SmartQuote.Modules.IdentityAccess.Tests.RegistrationTests.WeakPasswordDoesNotCreateAccount(password: &quot;TooShort7!&quot;)" storage="c:\users\51924\documents\chatgpt\diseno exp\tmp\smartquote-backend-develop\tests\smartquote.modules.identityaccess.tests\bin\release\net10.0\smartquote.modules.identityaccess.tests.dll" id="554d883c-eeb6-7633-d86a-3a423e2fe487">
      <Execution id="d01eed68-9cc5-4ab9-b01c-12528ac255fb" />
      <TestMethod codeBase="C:\Users\51924\Documents\ChatGPT\Diseno exp\tmp\smartquote-backend-develop\tests\SmartQuote.Modules.IdentityAccess.Tests\bin\Release\net10.0\SmartQuote.Modules.IdentityAccess.Tests.dll" adapterTypeName="executor://xunit/VsTestRunner3/netcore/" className="SmartQuote.Modules.IdentityAccess.Tests.RegistrationTests" name="WeakPasswordDoesNotCreateAccount" />
    </UnitTest>
    <UnitTest name="SmartQuote.Modules.IdentityAccess.Tests.RegistrationTests.WeakPasswordDoesNotCreateAccount(password: &quot;lowercaseonly93!&quot;)" storage="c:\users\51924\documents\chatgpt\diseno exp\tmp\smartquote-backend-develop\tests\smartquote.modules.identityaccess.tests\bin\release\net10.0\smartquote.modules.identityaccess.tests.dll" id="acb7c3c5-4666-a8d4-a011-c4cab7d101ea">
      <Execution id="4a74afe8-8fa3-4f8a-81de-f4dbc9454ae5" />
      <TestMethod codeBase="C:\Users\51924\Documents\ChatGPT\Diseno exp\tmp\smartquote-backend-develop\tests\SmartQuote.Modules.IdentityAccess.Tests\bin\Release\net10.0\SmartQuote.Modules.IdentityAccess.Tests.dll" adapterTypeName="executor://xunit/VsTestRunner3/netcore/" className="SmartQuote.Modules.IdentityAccess.Tests.RegistrationTests" name="WeakPasswordDoesNotCreateAccount" />
    </UnitTest>
    <UnitTest name="SmartQuote.Modules.IdentityAccess.Tests.RegistrationTests.WeakPasswordDoesNotCreateAccount(password: &quot;New.UserStrong93!&quot;)" storage="c:\users\51924\documents\chatgpt\diseno exp\tmp\smartquote-backend-develop\tests\smartquote.modules.identityaccess.tests\bin\release\net10.0\smartquote.modules.identityaccess.tests.dll" id="c25176b4-061a-3405-8b2a-a98dc6c40126">
      <Execution id="fa08ee3b-9a5b-47ca-93a4-d6b0c96fa410" />
      <TestMethod codeBase="C:\Users\51924\Documents\ChatGPT\Diseno exp\tmp\smartquote-backend-develop\tests\SmartQuote.Modules.IdentityAccess.Tests\bin\Release\net10.0\SmartQuote.Modules.IdentityAccess.Tests.dll" adapterTypeName="executor://xunit/VsTestRunner3/netcore/" className="SmartQuote.Modules.IdentityAccess.Tests.RegistrationTests" name="WeakPasswordDoesNotCreateAccount" />
    </UnitTest>
    <UnitTest name="SmartQuote.Modules.IdentityAccess.Tests.RegistrationTests.UnknownRolesAreRejectedAfterInitialSetup(role: &quot;2&quot;)" storage="c:\users\51924\documents\chatgpt\diseno exp\tmp\smartquote-backend-develop\tests\smartquote.modules.identityaccess.tests\bin\release\net10.0\smartquote.modules.identityaccess.tests.dll" id="73f512d9-cefc-20cd-9788-798feeb8e2a4">
      <Execution id="f77402b4-28ae-4200-9c60-17b6eec5d7e5" />
      <TestMethod codeBase="C:\Users\51924\Documents\ChatGPT\Diseno exp\tmp\smartquote-backend-develop\tests\SmartQuote.Modules.IdentityAccess.Tests\bin\Release\net10.0\SmartQuote.Modules.IdentityAccess.Tests.dll" adapterTypeName="executor://xunit/VsTestRunner3/netcore/" className="SmartQuote.Modules.IdentityAccess.Tests.RegistrationTests" name="UnknownRolesAreRejectedAfterInitialSetup" />
    </UnitTest>
    <UnitTest name="SmartQuote.Modules.IdentityAccess.Tests.RegistrationTests.InitialSetupCannotSelfAssignAnotherRole" storage="c:\users\51924\documents\chatgpt\diseno exp\tmp\smartquote-backend-develop\tests\smartquote.modules.identityaccess.tests\bin\release\net10.0\smartquote.modules.identityaccess.tests.dll" id="0540da4b-6b5f-f699-d702-4d100f7f3fa9">
      <Execution id="c2311097-84a3-47b2-96fe-2d058f0c14d8" />
      <TestMethod codeBase="C:\Users\51924\Documents\ChatGPT\Diseno exp\tmp\smartquote-backend-develop\tests\SmartQuote.Modules.IdentityAccess.Tests\bin\Release\net10.0\SmartQuote.Modules.IdentityAccess.Tests.dll" adapterTypeName="executor://xunit/VsTestRunner3/netcore/" className="SmartQuote.Modules.IdentityAccess.Tests.RegistrationTests" name="InitialSetupCannotSelfAssignAnotherRole" />
    </UnitTest>
    <UnitTest name="SmartQuote.Modules.IdentityAccess.Tests.RegistrationTests.SubsequentAccountsRemainPendingUntilManagerApproval(requestedRole: &quot;ProductionSpecialist&quot;)" storage="c:\users\51924\documents\chatgpt\diseno exp\tmp\smartquote-backend-develop\tests\smartquote.modules.identityaccess.tests\bin\release\net10.0\smartquote.modules.identityaccess.tests.dll" id="ff28c6cf-2251-2ec5-9e75-c9186143b862">
      <Execution id="d99b4e0f-fb6f-4d3f-a58f-7361bcd4446d" />
      <TestMethod codeBase="C:\Users\51924\Documents\ChatGPT\Diseno exp\tmp\smartquote-backend-develop\tests\SmartQuote.Modules.IdentityAccess.Tests\bin\Release\net10.0\SmartQuote.Modules.IdentityAccess.Tests.dll" adapterTypeName="executor://xunit/VsTestRunner3/netcore/" className="SmartQuote.Modules.IdentityAccess.Tests.RegistrationTests" name="SubsequentAccountsRemainPendingUntilManagerApproval" />
    </UnitTest>
    <UnitTest name="SmartQuote.Modules.IdentityAccess.Tests.RegistrationTests.UnknownRolesAreRejectedAfterInitialSetup(role: &quot;Administrator&quot;)" storage="c:\users\51924\documents\chatgpt\diseno exp\tmp\smartquote-backend-develop\tests\smartquote.modules.identityaccess.tests\bin\release\net10.0\smartquote.modules.identityaccess.tests.dll" id="0873d4d7-984d-6ff1-f751-7342234471ec">
      <Execution id="c214b8ec-45dc-4b10-a24e-3a6adcc2e2c1" />
      <TestMethod codeBase="C:\Users\51924\Documents\ChatGPT\Diseno exp\tmp\smartquote-backend-develop\tests\SmartQuote.Modules.IdentityAccess.Tests\bin\Release\net10.0\SmartQuote.Modules.IdentityAccess.Tests.dll" adapterTypeName="executor://xunit/VsTestRunner3/netcore/" className="SmartQuote.Modules.IdentityAccess.Tests.RegistrationTests" name="UnknownRolesAreRejectedAfterInitialSetup" />
    </UnitTest>
  </TestDefinitions>
  <TestEntries>
    <TestEntry testId="ee1e7cfe-edba-16f9-6aa9-971e8d85cdf1" executionId="134ea497-c66c-464f-929c-37a6d58b092b" testListId="8c84fa94-04c1-424b-9868-57a2d4851a1d" />
    <TestEntry testId="c24e4eb2-bf3c-322b-6b28-463716fa3331" executionId="398eaec1-38e6-4196-a863-ecdfe9df64c7" testListId="8c84fa94-04c1-424b-9868-57a2d4851a1d" />
    <TestEntry testId="d474262c-2d5b-8033-2354-c856bb5793db" executionId="a646551f-bc0d-4bed-8e9e-37eb63a018f8" testListId="8c84fa94-04c1-424b-9868-57a2d4851a1d" />
    <TestEntry testId="91524d23-d9e5-ecf4-4378-055671f9b73d" executionId="f4da853d-f5b5-4841-9e1f-599277a35980" testListId="8c84fa94-04c1-424b-9868-57a2d4851a1d" />
    <TestEntry testId="6b106206-b1b8-e606-b8cb-704a615f9acc" executionId="e98b9a9b-18ca-4c5a-a5f7-66a573395d47" testListId="8c84fa94-04c1-424b-9868-57a2d4851a1d" />
    <TestEntry testId="4e16db62-5dca-3bc9-90d6-0b73ab291738" executionId="20b83c6a-5e96-48b1-a946-8126bfe9e521" testListId="8c84fa94-04c1-424b-9868-57a2d4851a1d" />
    <TestEntry testId="0873d4d7-984d-6ff1-f751-7342234471ec" executionId="c214b8ec-45dc-4b10-a24e-3a6adcc2e2c1" testListId="8c84fa94-04c1-424b-9868-57a2d4851a1d" />
    <TestEntry testId="73f512d9-cefc-20cd-9788-798feeb8e2a4" executionId="f77402b4-28ae-4200-9c60-17b6eec5d7e5" testListId="8c84fa94-04c1-424b-9868-57a2d4851a1d" />
    <TestEntry testId="acb7c3c5-4666-a8d4-a011-c4cab7d101ea" executionId="4a74afe8-8fa3-4f8a-81de-f4dbc9454ae5" testListId="8c84fa94-04c1-424b-9868-57a2d4851a1d" />
    <TestEntry testId="55898ec0-3845-25f6-b8e9-ca74f1fadcd3" executionId="c489f424-10e2-4a45-8021-b5db5d9fbfe2" testListId="8c84fa94-04c1-424b-9868-57a2d4851a1d" />
    <TestEntry testId="ff28c6cf-2251-2ec5-9e75-c9186143b862" executionId="d99b4e0f-fb6f-4d3f-a58f-7361bcd4446d" testListId="8c84fa94-04c1-424b-9868-57a2d4851a1d" />
    <TestEntry testId="c25176b4-061a-3405-8b2a-a98dc6c40126" executionId="fa08ee3b-9a5b-47ca-93a4-d6b0c96fa410" testListId="8c84fa94-04c1-424b-9868-57a2d4851a1d" />
    <TestEntry testId="0540da4b-6b5f-f699-d702-4d100f7f3fa9" executionId="c2311097-84a3-47b2-96fe-2d058f0c14d8" testListId="8c84fa94-04c1-424b-9868-57a2d4851a1d" />
    <TestEntry testId="1c2dee9b-b6f9-449a-f666-128e107cbe45" executionId="9ffb01f0-2a8b-4eea-9fba-ee9c581be5f6" testListId="8c84fa94-04c1-424b-9868-57a2d4851a1d" />
    <TestEntry testId="554d883c-eeb6-7633-d86a-3a423e2fe487" executionId="d01eed68-9cc5-4ab9-b01c-12528ac255fb" testListId="8c84fa94-04c1-424b-9868-57a2d4851a1d" />
    <TestEntry testId="0f20e603-8081-163e-f33e-813046db9b69" executionId="053ae31e-4a3a-4a5b-8b36-44c6fc3a7afd" testListId="8c84fa94-04c1-424b-9868-57a2d4851a1d" />
    <TestEntry testId="c037f6bd-c4ae-7ade-68b2-1fb55f45304a" executionId="72e6564b-9c66-4a82-af5f-cd533e5b1d16" testListId="8c84fa94-04c1-424b-9868-57a2d4851a1d" />
  </TestEntries>
  <TestLists>
    <TestList name="Resultados sin formato de lista" id="8c84fa94-04c1-424b-9868-57a2d4851a1d" />
    <TestList name="Todos los resultados cargados" id="19431567-8539-422a-85d7-44ee4e166bda" />
  </TestLists>
  <ResultSummary outcome="Completed">
    <Counters total="17" executed="17" passed="17" failed="0" error="0" timeout="0" aborted="0" inconclusive="0" passedButRunAborted="0" notRunnable="0" notExecuted="0" disconnected="0" warning="0" completed="0" inProgress="0" pending="0" />
    <Output>
      <StdOut>[xUnit.net 00:00:00.00] xUnit.net VSTest Adapter v3.1.4+50e68bbb8b (64-bit .NET 10.0.9)&#xD;
[xUnit.net 00:00:00.65]   Discovering: SmartQuote.Modules.IdentityAccess.Tests&#xD;
[xUnit.net 00:00:00.74]   Discovered:  SmartQuote.Modules.IdentityAccess.Tests&#xD;
[xUnit.net 00:00:00.78]   Starting:    SmartQuote.Modules.IdentityAccess.Tests&#xD;
[xUnit.net 00:00:02.50]   Finished:    SmartQuote.Modules.IdentityAccess.Tests&#xD;
</StdOut>
    </Output>
  </ResultSummary>
</TestRun>